// Jest Snapshot v1, https://goo.gl/fbAQLP

exports[`About page should render about us stuff 1`] = `
Object {
  "asFragment": [Function],
  "baseElement": <body>
    <div>
      <div
        class="bee-form"
      >
        <h1
          class="bee-form-title"
        />
        <form
          class="bee-form-form"
        >
          <label
            class="bee-form-label"
          >
            Add a photo:
          </label>
          <input
            accept="image/*"
            id="single"
            required=""
            type="file"
          />
          <label
            class="bee-form-label"
          >
            Add a date:
          </label>
          <input
            required=""
            type="date"
            value=""
          />
          <label
            class="bee-form-label"
          >
            Where did you encounter the bee?
          </label>
          <input
            required=""
            type="textfield"
            value=""
          />
          <label
            class="bee-form-label"
          >
            Any other notes or observations?
          </label>
          <input
            required=""
            type="textarea"
            value=""
          />
          <button
            class="bee-form-button"
          >
            Save
          </button>
        </form>
      </div>
    </div>
  </body>,
  "container": <div>
    <div
      class="bee-form"
    >
      <h1
        class="bee-form-title"
      />
      <form
        class="bee-form-form"
      >
        <label
          class="bee-form-label"
        >
          Add a photo:
        </label>
        <input
          accept="image/*"
          id="single"
          required=""
          type="file"
        />
        <label
          class="bee-form-label"
        >
          Add a date:
        </label>
        <input
          required=""
          type="date"
          value=""
        />
        <label
          class="bee-form-label"
        >
          Where did you encounter the bee?
        </label>
        <input
          required=""
          type="textfield"
          value=""
        />
        <label
          class="bee-form-label"
        >
          Any other notes or observations?
        </label>
        <input
          required=""
          type="textarea"
          value=""
        />
        <button
          class="bee-form-button"
        >
          Save
        </button>
      </form>
    </div>
  </div>,
  "debug": [Function],
  "findAllByAltText": [Function],
  "findAllByDisplayValue": [Function],
  "findAllByLabelText": [Function],
  "findAllByPlaceholderText": [Function],
  "findAllByRole": [Function],
  "findAllByTestId": [Function],
  "findAllByText": [Function],
  "findAllByTitle": [Function],
  "findByAltText": [Function],
  "findByDisplayValue": [Function],
  "findByLabelText": [Function],
  "findByPlaceholderText": [Function],
  "findByRole": [Function],
  "findByTestId": [Function],
  "findByText": [Function],
  "findByTitle": [Function],
  "getAllByAltText": [Function],
  "getAllByDisplayValue": [Function],
  "getAllByLabelText": [Function],
  "getAllByPlaceholderText": [Function],
  "getAllByRole": [Function],
  "getAllByTestId": [Function],
  "getAllByText": [Function],
  "getAllByTitle": [Function],
  "getByAltText": [Function],
  "getByDisplayValue": [Function],
  "getByLabelText": [Function],
  "getByPlaceholderText": [Function],
  "getByRole": [Function],
  "getByTestId": [Function],
  "getByText": [Function],
  "getByTitle": [Function],
  "queryAllByAltText": [Function],
  "queryAllByDisplayValue": [Function],
  "queryAllByLabelText": [Function],
  "queryAllByPlaceholderText": [Function],
  "queryAllByRole": [Function],
  "queryAllByTestId": [Function],
  "queryAllByText": [Function],
  "queryAllByTitle": [Function],
  "queryByAltText": [Function],
  "queryByDisplayValue": [Function],
  "queryByLabelText": [Function],
  "queryByPlaceholderText": [Function],
  "queryByRole": [Function],
  "queryByTestId": [Function],
  "queryByText": [Function],
  "queryByTitle": [Function],
  "rerender": [Function],
  "unmount": [Function],
}
`;
