// Jest Snapshot v1, https://goo.gl/fbAQLP

exports[`Profile view should render the Profile component 1`] = `
Object {
  "asFragment": [Function],
  "baseElement": <body>
    <div>
      <div
        class="profile"
      >
        <h1
          class="profile-title"
        >
          Bee Collection
        </h1>
        <div
          class="profile-cards"
        >
          <div
            class="user-card"
          >
            <h3
              class="user-card-title"
            >
              Black-notched Bumblebee
            </h3>
            <a
              href="/profile/32"
            >
              <img
                class="user-card-image"
                src="https://purcoqerkuxhmrkzgmyk.supabase.in/storage/v1/object/public/images/d1beb9ec-d137-4e7f-ac5c-4c9197075a15/3/2022-01-20T20:39:38.457Z.jpg"
              />
            </a>
            <div
              class="user-card-buttons"
            >
              <button>
                <a
                  href="/profile/32"
                >
                  View
                </a>
              </button>
              <button>
                <a
                  href="/edit/32"
                >
                  Edit
                </a>
              </button>
              <button
                class="delete-button"
              >
                x
              </button>
            </div>
          </div>
        </div>
        <button>
          Logout
        </button>
      </div>
    </div>
  </body>,
  "container": <div>
    <div
      class="profile"
    >
      <h1
        class="profile-title"
      >
        Bee Collection
      </h1>
      <div
        class="profile-cards"
      >
        <div
          class="user-card"
        >
          <h3
            class="user-card-title"
          >
            Black-notched Bumblebee
          </h3>
          <a
            href="/profile/32"
          >
            <img
              class="user-card-image"
              src="https://purcoqerkuxhmrkzgmyk.supabase.in/storage/v1/object/public/images/d1beb9ec-d137-4e7f-ac5c-4c9197075a15/3/2022-01-20T20:39:38.457Z.jpg"
            />
          </a>
          <div
            class="user-card-buttons"
          >
            <button>
              <a
                href="/profile/32"
              >
                View
              </a>
            </button>
            <button>
              <a
                href="/edit/32"
              >
                Edit
              </a>
            </button>
            <button
              class="delete-button"
            >
              x
            </button>
          </div>
        </div>
      </div>
      <button>
        Logout
      </button>
    </div>
  </div>,
  "debug": [Function],
  "findAllByAltText": [Function],
  "findAllByDisplayValue": [Function],
  "findAllByLabelText": [Function],
  "findAllByPlaceholderText": [Function],
  "findAllByRole": [Function],
  "findAllByTestId": [Function],
  "findAllByText": [Function],
  "findAllByTitle": [Function],
  "findByAltText": [Function],
  "findByDisplayValue": [Function],
  "findByLabelText": [Function],
  "findByPlaceholderText": [Function],
  "findByRole": [Function],
  "findByTestId": [Function],
  "findByText": [Function],
  "findByTitle": [Function],
  "getAllByAltText": [Function],
  "getAllByDisplayValue": [Function],
  "getAllByLabelText": [Function],
  "getAllByPlaceholderText": [Function],
  "getAllByRole": [Function],
  "getAllByTestId": [Function],
  "getAllByText": [Function],
  "getAllByTitle": [Function],
  "getByAltText": [Function],
  "getByDisplayValue": [Function],
  "getByLabelText": [Function],
  "getByPlaceholderText": [Function],
  "getByRole": [Function],
  "getByTestId": [Function],
  "getByText": [Function],
  "getByTitle": [Function],
  "queryAllByAltText": [Function],
  "queryAllByDisplayValue": [Function],
  "queryAllByLabelText": [Function],
  "queryAllByPlaceholderText": [Function],
  "queryAllByRole": [Function],
  "queryAllByTestId": [Function],
  "queryAllByText": [Function],
  "queryAllByTitle": [Function],
  "queryByAltText": [Function],
  "queryByDisplayValue": [Function],
  "queryByLabelText": [Function],
  "queryByPlaceholderText": [Function],
  "queryByRole": [Function],
  "queryByTestId": [Function],
  "queryByText": [Function],
  "queryByTitle": [Function],
  "rerender": [Function],
  "unmount": [Function],
}
`;
