// Jest Snapshot v1, https://goo.gl/fbAQLP

exports[`About page should render about us stuff 1`] = `
Object {
  "asFragment": [Function],
  "baseElement": <body>
    <div>
      <div
        class="about"
      >
        <h1
          class="about-title"
        >
          About The Hive
        </h1>
        <div
          class="about-bios"
        >
          <div
            class="about-bio-card"
          >
            <h3
              class="about-bio-card-title"
            >
              Adria Ivanitsky
            </h3>
            <img
              class="about-bio-card-image"
              src="linkedin.jpeg"
            />
            <p>
              Adria is a web developer in Portland, OR. She loves playing soccer, making music, and being annoying in the Zoom chat. Also... bees.
            </p>
          </div>
          <div
            class="about-bio-card"
          >
            <h3
              class="about-bio-card-title"
            >
              Emma Egstad
            </h3>
            <img
              class="about-bio-card-image"
              src="emma.jpeg"
            />
            <p>
              Emma is a web developer in Portland, OR. She loves each and every bee, but especially super fuzzy digger bees. In addition to bees, Emma loves CSS, array methods, and weekly builds (just kidding).
            </p>
          </div>
          <div
            class="about-bio-card"
          >
            <h3
              class="about-bio-card-title"
            >
              Michelle Nygren
            </h3>
            <img
              class="about-bio-card-image"
              src="michelle.jpg"
            />
            <p>
              Michelle is a web developer in Portland, OR. She loves making things from beeswax (thanks, honeybees!), and using honey in her baking. In addition to bees, Michelle loves keeping Julie on her toes with her hand raised in class.
            </p>
          </div>
          <div
            class="about-bio-card"
          >
            <h3
              class="about-bio-card-title"
            >
              Zachary Caldwell
            </h3>
            <img
              class="about-bio-card-image"
              src="zachphoto.jpg"
            />
            <p>
              Zach is a web developer in Portland, OR. He loves foraging for mushrooms with his dog. Zach loves when he forgets he is not muted and burps loudly over zoom. He loves when projects dont have CSS in the grading rubric.
            </p>
          </div>
        </div>
      </div>
    </div>
  </body>,
  "container": <div>
    <div
      class="about"
    >
      <h1
        class="about-title"
      >
        About The Hive
      </h1>
      <div
        class="about-bios"
      >
        <div
          class="about-bio-card"
        >
          <h3
            class="about-bio-card-title"
          >
            Adria Ivanitsky
          </h3>
          <img
            class="about-bio-card-image"
            src="linkedin.jpeg"
          />
          <p>
            Adria is a web developer in Portland, OR. She loves playing soccer, making music, and being annoying in the Zoom chat. Also... bees.
          </p>
        </div>
        <div
          class="about-bio-card"
        >
          <h3
            class="about-bio-card-title"
          >
            Emma Egstad
          </h3>
          <img
            class="about-bio-card-image"
            src="emma.jpeg"
          />
          <p>
            Emma is a web developer in Portland, OR. She loves each and every bee, but especially super fuzzy digger bees. In addition to bees, Emma loves CSS, array methods, and weekly builds (just kidding).
          </p>
        </div>
        <div
          class="about-bio-card"
        >
          <h3
            class="about-bio-card-title"
          >
            Michelle Nygren
          </h3>
          <img
            class="about-bio-card-image"
            src="michelle.jpg"
          />
          <p>
            Michelle is a web developer in Portland, OR. She loves making things from beeswax (thanks, honeybees!), and using honey in her baking. In addition to bees, Michelle loves keeping Julie on her toes with her hand raised in class.
          </p>
        </div>
        <div
          class="about-bio-card"
        >
          <h3
            class="about-bio-card-title"
          >
            Zachary Caldwell
          </h3>
          <img
            class="about-bio-card-image"
            src="zachphoto.jpg"
          />
          <p>
            Zach is a web developer in Portland, OR. He loves foraging for mushrooms with his dog. Zach loves when he forgets he is not muted and burps loudly over zoom. He loves when projects dont have CSS in the grading rubric.
          </p>
        </div>
      </div>
    </div>
  </div>,
  "debug": [Function],
  "findAllByAltText": [Function],
  "findAllByDisplayValue": [Function],
  "findAllByLabelText": [Function],
  "findAllByPlaceholderText": [Function],
  "findAllByRole": [Function],
  "findAllByTestId": [Function],
  "findAllByText": [Function],
  "findAllByTitle": [Function],
  "findByAltText": [Function],
  "findByDisplayValue": [Function],
  "findByLabelText": [Function],
  "findByPlaceholderText": [Function],
  "findByRole": [Function],
  "findByTestId": [Function],
  "findByText": [Function],
  "findByTitle": [Function],
  "getAllByAltText": [Function],
  "getAllByDisplayValue": [Function],
  "getAllByLabelText": [Function],
  "getAllByPlaceholderText": [Function],
  "getAllByRole": [Function],
  "getAllByTestId": [Function],
  "getAllByText": [Function],
  "getAllByTitle": [Function],
  "getByAltText": [Function],
  "getByDisplayValue": [Function],
  "getByLabelText": [Function],
  "getByPlaceholderText": [Function],
  "getByRole": [Function],
  "getByTestId": [Function],
  "getByText": [Function],
  "getByTitle": [Function],
  "queryAllByAltText": [Function],
  "queryAllByDisplayValue": [Function],
  "queryAllByLabelText": [Function],
  "queryAllByPlaceholderText": [Function],
  "queryAllByRole": [Function],
  "queryAllByTestId": [Function],
  "queryAllByText": [Function],
  "queryAllByTitle": [Function],
  "queryByAltText": [Function],
  "queryByDisplayValue": [Function],
  "queryByLabelText": [Function],
  "queryByPlaceholderText": [Function],
  "queryByRole": [Function],
  "queryByTestId": [Function],
  "queryByText": [Function],
  "queryByTitle": [Function],
  "rerender": [Function],
  "unmount": [Function],
}
`;
